<?xml version="1.0" encoding="UTF-8"?>
<testsuites name="jest tests" tests="2" failures="0" errors="0" time="2.327">
  <testsuite name="Table" errors="0" failures="0" skipped="0" timestamp="2021-10-19T09:09:51" time="1.225" tests="2">
    <testcase classname="Table render" name="Table render" time="0.021">
    </testcase>
    <testcase classname="Table click sort" name="Table click sort" time="0.026">
    </testcase>
  </testsuite>
</testsuites>